---
source: crates/tui/tests/render.rs
expression: "screen(&mut model, 120, 20)"
---
"┌ Tasks (0/5) /zzz ────────────────────────────────────────────────────────────────────────────────────────────────────┐"
"│No open todos match /zzz.                                                                                             │"
"│                                                                                                                      │"
"│                                                                                                                      │"
"│                                                                                                                      │"
"│                                                                                                                      │"
"│                                                                                                                      │"
"│                                                                                                                      │"
"│                                                                                                                      │"
"│                                                                                                                      │"
"│                                                                                                                      │"
"│                                                                                                                      │"
"│                                                                                                                      │"
"│                                                                                                                      │"
"│                                                                                                                      │"
"│                                                                                                                      │"
"│                                                                                                                      │"
"│                                                                                                                      │"
"└──────────────────────────────────────────────────────────────────────────────────────────────────────────────────────┘"
"/zzz                                                                                                                    "
