---
source: crates/tui/tests/render.rs
expression: "screen(&mut model, 80, 10)"
---
"┌ Tasks (0/0) ─────────────────────────────────────────────────────────────────┐"
"│No open todos.                                                                │"
"│                                                                              │"
"│                                                                              │"
"│                                                                              │"
"│                                                                              │"
"│                                                                              │"
"│                                                                              │"
"└──────────────────────────────────────────────────────────────────────────────┘"
"new task (later): First one▁                                                    "
