---
source: crates/tui/tests/render.rs
expression: "screen(&mut model, 120, 20)"
---
"┌ Tasks (1/5) /#later ─────────────────────────────────────┐┌ [4] ─────────────────────────────────────────────────────┐"
"│LATER                                                     ││Try the new profiler                                      │"
"│  [ 4] #B Try the new profiler                            ││[4]  #B  later                                            │"
"│                                                          ││                                                          │"
"│                                                          ││                                                          │"
"│                                                          ││                                                          │"
"│                                                          ││                                                          │"
"│                                                          ││                                                          │"
"│                                                          ││                                                          │"
"│                                                          ││                                                          │"
"│                                                          ││                                                          │"
"│                                                          ││                                                          │"
"│                                                          ││                                                          │"
"│                                                          ││                                                          │"
"│                                                          ││                                                          │"
"│                                                          ││                                                          │"
"│                                                          ││                                                          │"
"│                                                          ││                                                          │"
"└──────────────────────────────────────────────────────────┘└──────────────────────────────────────────────────────────┘"
"j/k move  / filter  s status  p prio  l log  d done  e edit  Enter open  S sync  ? help  q quit                         "
