---
source: crates/tui/tests/render.rs
expression: terminal.backend().to_string()
---
"┌ Edit [1] ────────────────────────────┐"
"│ Title      Fix the flaky build       │"
"│ Status     in-progress               │"
"│ Priority   A                         │"
"│ Due        2026-10-10                │"
"│ Project    /home/me/code/app         │"
"│ Tags       ci                        │"
"│                                      │"
"│ Description ──────────────────────── │"
"│ ree.                                 │"
"│                                      │"
"│                                      │"
"│                                      │"
"│ last                                 │"
"└──────────────────────────────────────┘"
"Tab/S-Tab  ↑↓←→  Enter  C-s  Esc        "
