---
source: crates/tui/tests/render.rs
assertion_line: 181
expression: "screen(&mut model, 120, 20)"
---
"┌ Tasks (5/5) ─────────────────────────────────────────────────────────────────────────────────────────────────────────┐"
"│IN PROGRESS (1)                                                                                                       │"
"│  [ 1] #A Fix the flaky build (due in 4d)  #ci                                                                        │"
"│                                                                                                                      │"
"│READY (2)                                                                                                             │"
"│  [12] #B Review MR !88: paginate the export  #gitlab   #review-request                                               │"
"│  [ 3] #C Write the release notes                 ┌ Status ───────┐                                                   │"
"│                                                  │ 1 in-progress │                                                   │"
"│LATER (1)                                         │ 2 ready       │                                                   │"
"│  [ 4] #B Try the new profiler                    │ 3 waiting     │                                                   │"
"│                                                  │ 4 blocked     │                                                   │"
"│NO STATUS (1)                                     │ 5 later       │                                                   │"
"│  [ 5] #B Call the bank                           └───────────────┘                                                   │"
"│                                                                                                                      │"
"│                                                                                                                      │"
"│                                                                                                                      │"
"│                                                                                                                      │"
"│                                                                                                                      │"
"└──────────────────────────────────────────────────────────────────────────────────────────────────────────────────────┘"
"j/k  / filter  c new  t status  p prio  l log  d done  e edit  Enter open  s/S sync  ? help  q quit                     "
