---
source: crates/tui/tests/render.rs
expression: "screen(&mut model, 120, 28)"
---
"┌ Tasks (5/5) ─────────────────────────────────────────────┐┌ [1] ─────────────────────────────────────────────────────┐"
"│IN PROGRESS                                               ││Fix the flaky build                                       │"
"│  [ 1] #A Fix the┌ Keys ────────────────────────────────────────────────────────────────────────────┐                 │"
"│READY            │k/Up, j/Down        move the selection                                            │                 │"
"│  [12] #B Review │g/Home, G/End       first / last task                                             │                 │"
"│  [ 3] #C Write t│C-u/PgUp, C-d/PgDn  move ten tasks                                                │                 │"
"│LATER            │/                   filter: text matches titles, #word a status, tag or priority  │                 │"
"│  [ 4] #B Try the│Esc                 clear the filter, close the detail or a dialog                │                 │"
"│NO STATUS        │c                   create a task from a title (then t, p to refine)              │                 │"
"│  [ 5] #B Call th│t                   set the status (workflow statuses, pick by number)            │                 │"
"│                 │p                   set the priority (A, B, C)                                    │                 │"
"│                 │l                   log a progress note                                           │                 │"
"│                 │d                   mark done, with an optional final note                        │                 │"
"│                 │E                   open the task file in $EDITOR                                 │                 │"
"│                 │Enter               open a work session here (tasq pick)                          │                 │"
"│                 │C-Enter             open it in a new window (tasq pick --detached)                │                 │"
"│                 │S-Enter             open it in a new window without switching to it               │equests/7>       │"
"│                 │s                   run the sources that run by default (tasq sync)               │                 │"
"│                 │S                   pick the sources to run: Space toggles, Enter runs            │                 │"
"│                 │r                   reload                                                        │                 │"
"│                 │Tab                 narrow terminals: switch between list and detail              │                 │"
"│                 │Enter               in a picker: apply the choice                                 │                 │"
"│                 │?                   this help                                                     │                 │"
"│                 │q, C-c              quit                                                          │                 │"
"│                 └────────────────────────────────────────────────────────────────── any key closes ┘                 │"
"│                                                          ││- 2026-10-04 09:30: reproduced locally                    │"
"└──────────────────────────────────────────────────────────┘└──────────────────────────────────────────────────────────┘"
"j/k  / filter  c new  t status  p prio  l log  d done  E edit  Enter open  s/S sync  ? help  q quit                     "
