---
source: crates/tui/tests/render.rs
expression: "screen(&mut model, 100, 12)"
---
"┌ Tasks (0/0) ─────────────────────────────────────────────────────────────────────────────────────┐"
"│No open todos.                                                                                    │"
"│                                                                                                  │"
"│                                                                                                  │"
"│                                                                                                  │"
"│                                                                                                  │"
"│                                                                                                  │"
"│                                                                                                  │"
"│                                                                                                  │"
"│                                                                                                  │"
"└──────────────────────────────────────────────────────────────────────────────────────────────────┘"
"j/k  / filter  c new  t status  p prio  l log  d done  e edit  Enter open  s/S sync  ? help  q quit "
