---
source: crates/tui/tests/render.rs
assertion_line: 165
expression: "screen(&mut model, 120, 20)"
---
"┌ Tasks (1/5) /#later ─────────────────────────────────────────────────────────────────────────────────────────────────┐"
"│LATER (1)                                                                                                             │"
"│  [ 4] #B Try the new profiler                                                                                        │"
"│                                                                                                                      │"
"│                                                                                                                      │"
"│                                                                                                                      │"
"│                                                                                                                      │"
"│                                                                                                                      │"
"│                                                                                                                      │"
"│                                                                                                                      │"
"│                                                                                                                      │"
"│                                                                                                                      │"
"│                                                                                                                      │"
"│                                                                                                                      │"
"│                                                                                                                      │"
"│                                                                                                                      │"
"│                                                                                                                      │"
"│                                                                                                                      │"
"└──────────────────────────────────────────────────────────────────────────────────────────────────────────────────────┘"
"j/k  / filter  c new  t status  p prio  l log  d done  e edit  Enter open  s/S sync  ? help  q quit                     "
