---
source: crates/tui/tests/render.rs
assertion_line: 198
expression: "screen(&mut model, 120, 20)"
---
"┌ Tasks (5/5) ─────────────────────────────────────────────────────────────────────────────────────────────────────────┐"
"│IN PROGRESS (1)                                                                                                       │"
"│  [ 1] #A Fix the flaky build (due in 4d)  #ci                                                                        │"
"│                                                                                                                      │"
"│READY (2)                                                                                                             │"
"│  [12] #B Review MR !88: paginate the export  #gitlab   #review-request                                               │"
"│  [ 3] #C Write the release notes                                                                                     │"
"│                               ┌ Sync sources: Space toggles, Enter runs ─────────────┐                               │"
"│LATER (1)                      │ [x] 1 gitlab-review-requests  gitlab-review-requests │                               │"
"│  [ 4] #B Try the new profiler │ [x] 2 issues                  gitlab-work-items      │                               │"
"│                               │ [ ] 3 inbox                   llm-bridge             │                               │"
"│NO STATUS (1)                  └──────────────────────────────────────────────────────┘                               │"
"│  [ 5] #B Call the bank                                                                                               │"
"│                                                                                                                      │"
"│                                                                                                                      │"
"│                                                                                                                      │"
"│                                                                                                                      │"
"│                                                                                                                      │"
"└──────────────────────────────────────────────────────────────────────────────────────────────────────────────────────┘"
"j/k  / filter  c new  t status  p prio  l log  d done  e edit  Enter open  s/S sync  ? help  q quit                     "
