---
source: crates/tui/tests/render.rs
expression: "screen(&mut model, 120, 28)"
---
"┌ Tasks (5/5) ─────────────────────────────────────────────┐┌ [1] ─────────────────────────────────────────────────────┐"
"│IN PROGRESS                                               ││Fix the flaky build                                       │"
"│  [ 1] #A Fix the flaky build (due 2026-10-10)  #ci       ││[1]  #A  in-progress  due 2026-10-10                      │"
"│READY            ┌ Keys ────────────────────────────────────────────────────────────────────────────┐                 │"
"│  [12] #B Review │j/k, Up/Down        move the selection                                            │                 │"
"│  [ 3] #C Write t│g/G, Home/End       first / last task                                             │                 │"
"│LATER            │PgUp/PgDn, C-u/C-d  move ten tasks                                                │                 │"
"│  [ 4] #B Try the│/                   filter: text matches titles, #word a status, tag or priority  │                 │"
"│NO STATUS        │Esc                 clear the filter, close the detail or a dialog                │                 │"
"│  [ 5] #B Call th│c                   create a task from a title (then s, p to refine)              │                 │"
"│                 │s                   set the status (workflow statuses, pick by number)            │                 │"
"│                 │p                   set the priority (A, B, C)                                    │                 │"
"│                 │l                   log a progress note                                           │                 │"
"│                 │d                   mark done, with an optional final note                        │                 │"
"│                 │e                   open the task file in $EDITOR                                 │                 │"
"│                 │Enter               open a work session here (tasq pick)                          │                 │"
"│                 │C-Enter             open it in a new window (tasq pick --detached)                │equests/7>       │"
"│                 │S-Enter             open it in a new window without switching to it               │                 │"
"│                 │S                   run the configured sources (tasq sync)                        │                 │"
"│                 │r                   reload                                                        │                 │"
"│                 │Tab                 narrow terminals: switch between list and detail              │                 │"
"│                 │?                   this help                                                     │                 │"
"│                 │q, C-c              quit                                                          │                 │"
"│                 └────────────────────────────────────────────────────────────────── any key closes ┘                 │"
"│                                                          ││Progress                                                  │"
"│                                                          ││- 2026-10-04 09:30: reproduced locally                    │"
"└──────────────────────────────────────────────────────────┘└──────────────────────────────────────────────────────────┘"
"j/k  / filter  c new  s status  p prio  l log  d done  e edit  Enter open  S sync  ? help  q quit                       "
