---
source: crates/cli/tests/cli.rs
assertion_line: 126
expression: stdout(&out)
---
IN PROGRESS
  [ 1] #A Rewrite the tasks script in Rust (due in 4d)  #gitlab 

READY
  [ 3] #B Answer the support ticket  #support 

WAITING
  [ 6] #B Wait for the security review

NO STATUS
  [ 7] #B Task without a tags section
